../Core/Src/main.c:87:5:main	8	static
../Core/Src/main.c:147:6:SystemClock_Config	88	static
../Core/Src/main.c:191:13:MX_ADC1_Init	24	static
../Core/Src/main.c:238:13:MX_I2C1_Init	8	static
../Core/Src/main.c:272:13:MX_USART1_UART_Init	8	static
../Core/Src/main.c:305:13:MX_GPIO_Init	32	static
../Core/Src/main.c:335:10:Read_ADC	32	static
../Core/Src/main.c:353:6:Check_Alerts	8	static
../Core/Src/main.c:393:6:Send_Report	32	static
../Core/Src/main.c:435:6:Error_Handler	4	static,ignoring_inline_asm
