../Core/Src/main.c:86:5:main	8	static
../Core/Src/main.c:144:6:SystemClock_Config	88	static
../Core/Src/main.c:188:13:MX_ADC1_Init	24	static
../Core/Src/main.c:235:13:MX_I2C1_Init	8	static
../Core/Src/main.c:269:13:MX_USART1_UART_Init	8	static
../Core/Src/main.c:302:13:MX_GPIO_Init	32	static
../Core/Src/main.c:332:10:Read_ADC	32	static
../Core/Src/main.c:350:6:Check_Alerts	8	static
../Core/Src/main.c:399:6:Send_Report	48	static
../Core/Src/main.c:440:6:Error_Handler	4	static,ignoring_inline_asm
