../Core/Src/main.c:41:5:main	8	static
../Core/Src/main.c:102:10:Read_ADC	32	static
../Core/Src/main.c:123:6:Check_Alerts	8	static
../Core/Src/main.c:170:6:Send_UART_Data	16	static
../Core/Src/main.c:191:6:LCD_Send_Command	24	static
../Core/Src/main.c:200:6:LCD_Send_Data	24	static
../Core/Src/main.c:209:6:LCD_Init	8	static
../Core/Src/main.c:222:6:LCD_Send_String	16	static
../Core/Src/main.c:230:6:LCD_Set_Cursor	24	static
../Core/Src/main.c:248:13:MX_ADC1_Init	24	static
../Core/Src/main.c:278:13:MX_USART1_UART_Init	8	static
../Core/Src/main.c:300:13:MX_I2C1_Init	8	static
../Core/Src/main.c:324:13:MX_GPIO_Init	32	static
../Core/Src/main.c:354:6:SystemClock_Config	72	static
../Core/Src/main.c:397:6:Error_Handler	4	static,ignoring_inline_asm
